cool	1
file	1
file	1
file	1
file	1
google	1
hadoop	1
hadoop	1
is	1
map	1
map	1
map	1
map	1
reduce	1
reduce	1
reduce	1
streaming	1
system	1
system	1
